// Jest Snapshot v1, https://goo.gl/fbAQLP

exports[`Should render correctly 1`] = `
ShallowWrapper {
  Symbol(enzyme.__root__): [Circular],
  Symbol(enzyme.__unrendered__): <InputForm
    onSubmit={[Function]}
  />,
  Symbol(enzyme.__renderer__): Object {
    "batchedUpdates": [Function],
    "getNode": [Function],
    "render": [Function],
    "simulateError": [Function],
    "simulateEvent": [Function],
    "unmount": [Function],
  },
  Symbol(enzyme.__node__): Object {
    "instance": null,
    "key": undefined,
    "nodeType": "function",
    "props": Object {
      "children": <form
        className="input-form"
      >
        <input
          className="input-field form-control"
          onChange={[Function]}
          onKeyPress={[Function]}
          type="text"
          value=""
        />
        <button
          className="btn btn-warning"
          onClick={[Function]}
          type="button"
        >
          Add
        </button>
      </form>,
    },
    "ref": null,
    "rendered": Object {
      "instance": null,
      "key": undefined,
      "nodeType": "host",
      "props": Object {
        "children": Array [
          <input
            className="input-field form-control"
            onChange={[Function]}
            onKeyPress={[Function]}
            type="text"
            value=""
          />,
          <button
            className="btn btn-warning"
            onClick={[Function]}
            type="button"
          >
            Add
          </button>,
        ],
        "className": "input-form",
      },
      "ref": null,
      "rendered": Array [
        Object {
          "instance": null,
          "key": undefined,
          "nodeType": "host",
          "props": Object {
            "className": "input-field form-control",
            "onChange": [Function],
            "onKeyPress": [Function],
            "type": "text",
            "value": "",
          },
          "ref": null,
          "rendered": null,
          "type": "input",
        },
        Object {
          "instance": null,
          "key": undefined,
          "nodeType": "host",
          "props": Object {
            "children": "Add",
            "className": "btn btn-warning",
            "onClick": [Function],
            "type": "button",
          },
          "ref": null,
          "rendered": "Add",
          "type": "button",
        },
      ],
      "type": "form",
    },
    "type": Symbol(react.fragment),
  },
  Symbol(enzyme.__nodes__): Array [
    Object {
      "instance": null,
      "key": undefined,
      "nodeType": "function",
      "props": Object {
        "children": <form
          className="input-form"
        >
          <input
            className="input-field form-control"
            onChange={[Function]}
            onKeyPress={[Function]}
            type="text"
            value=""
          />
          <button
            className="btn btn-warning"
            onClick={[Function]}
            type="button"
          >
            Add
          </button>
        </form>,
      },
      "ref": null,
      "rendered": Object {
        "instance": null,
        "key": undefined,
        "nodeType": "host",
        "props": Object {
          "children": Array [
            <input
              className="input-field form-control"
              onChange={[Function]}
              onKeyPress={[Function]}
              type="text"
              value=""
            />,
            <button
              className="btn btn-warning"
              onClick={[Function]}
              type="button"
            >
              Add
            </button>,
          ],
          "className": "input-form",
        },
        "ref": null,
        "rendered": Array [
          Object {
            "instance": null,
            "key": undefined,
            "nodeType": "host",
            "props": Object {
              "className": "input-field form-control",
              "onChange": [Function],
              "onKeyPress": [Function],
              "type": "text",
              "value": "",
            },
            "ref": null,
            "rendered": null,
            "type": "input",
          },
          Object {
            "instance": null,
            "key": undefined,
            "nodeType": "host",
            "props": Object {
              "children": "Add",
              "className": "btn btn-warning",
              "onClick": [Function],
              "type": "button",
            },
            "ref": null,
            "rendered": "Add",
            "type": "button",
          },
        ],
        "type": "form",
      },
      "type": Symbol(react.fragment),
    },
  ],
  Symbol(enzyme.__options__): Object {
    "adapter": ReactSixteenAdapter {
      "options": Object {
        "enableComponentDidUpdateOnSetState": true,
        "lifecycles": Object {
          "componentDidUpdate": Object {
            "onSetState": true,
          },
          "getDerivedStateFromProps": true,
          "getSnapshotBeforeUpdate": true,
          "setState": Object {
            "skipsComponentDidUpdateOnNullish": true,
          },
        },
      },
    },
  },
}
`;
