// Jest Snapshot v1, https://goo.gl/fbAQLP

exports[`Should render correctly 1`] = `
ShallowWrapper {
  Symbol(enzyme.__root__): [Circular],
  Symbol(enzyme.__unrendered__): <WayPointsList
    items={
      Array [
        "item1",
        "item2",
        "item3",
      ]
    }
    onOrderChange={[Function]}
    renderData={[Function]}
  />,
  Symbol(enzyme.__renderer__): Object {
    "batchedUpdates": [Function],
    "getNode": [Function],
    "render": [Function],
    "simulateError": [Function],
    "simulateEvent": [Function],
    "unmount": [Function],
  },
  Symbol(enzyme.__node__): Object {
    "instance": null,
    "key": undefined,
    "nodeType": "class",
    "props": Object {
      "axis": "y",
      "distance": 0,
      "getHelperDimensions": [Function],
      "hideSortableGhost": true,
      "items": Array [
        "item1",
        "item2",
        "item3",
      ],
      "lockOffset": "50%",
      "lockToContainerEdges": false,
      "onSortEnd": [Function],
      "pressDelay": 0,
      "pressThreshold": 5,
      "renderData": [Function],
      "shouldCancelStart": [Function],
      "transitionDuration": 300,
      "useWindowAsScrollContainer": false,
    },
    "ref": null,
    "rendered": null,
    "type": [Function],
  },
  Symbol(enzyme.__nodes__): Array [
    Object {
      "instance": null,
      "key": undefined,
      "nodeType": "class",
      "props": Object {
        "axis": "y",
        "distance": 0,
        "getHelperDimensions": [Function],
        "hideSortableGhost": true,
        "items": Array [
          "item1",
          "item2",
          "item3",
        ],
        "lockOffset": "50%",
        "lockToContainerEdges": false,
        "onSortEnd": [Function],
        "pressDelay": 0,
        "pressThreshold": 5,
        "renderData": [Function],
        "shouldCancelStart": [Function],
        "transitionDuration": 300,
        "useWindowAsScrollContainer": false,
      },
      "ref": null,
      "rendered": null,
      "type": [Function],
    },
  ],
  Symbol(enzyme.__options__): Object {
    "adapter": ReactSixteenAdapter {
      "options": Object {
        "enableComponentDidUpdateOnSetState": true,
        "lifecycles": Object {
          "componentDidUpdate": Object {
            "onSetState": true,
          },
          "getDerivedStateFromProps": true,
          "getSnapshotBeforeUpdate": true,
          "setState": Object {
            "skipsComponentDidUpdateOnNullish": true,
          },
        },
      },
    },
  },
}
`;
